// Vitest Snapshot v1, https://vitest.dev/guide/snapshot.html

exports[`response schema > correctly processes response schema (string) > returns 500 on incorrect response 1`] = `"{\\"statusCode\\":500,\\"error\\":\\"Internal Server Error\\",\\"message\\":\\"Response doesn't match the schema\\"}"`;

exports[`response schema > returns 400 on validation error 1`] = `"{\\"statusCode\\":400,\\"code\\":\\"FST_ERR_VALIDATION\\",\\"error\\":\\"Bad Request\\",\\"message\\":\\"name is a required field\\"}"`;
